// Vitest Snapshot v1, https://vitest.dev/guide/snapshot.html

exports[`DataConfidenceIndicator text pin (CHAOS-7611 5.1a) > shows the same text and test ids for each level (recorded before the Notice change) 1`] = `
[
  {
    "ids": [
      "data-confidence-indicator",
      "data-confidence-coverage",
      "data-confidence-caveats",
    ],
    "label": "Data confidence: High confidence",
    "level": "high",
    "text": "OK: High confidenceMost sources this view relies on are connected and recent.92% coverageEvidence & contextConnectedGitHubJiraMissingGitLab•Weekend data is sparse.",
  },
  {
    "ids": [
      "data-confidence-indicator",
      "data-confidence-coverage",
      "data-confidence-caveats",
    ],
    "label": "Data confidence: Medium confidence",
    "level": "medium",
    "text": "Warning: Medium confidenceSome sources are missing or sparse — read trends, not point values.92% coverageEvidence & contextConnectedGitHubJiraMissingGitLab•Weekend data is sparse.",
  },
  {
    "ids": [
      "data-confidence-indicator",
      "data-confidence-coverage",
      "data-confidence-caveats",
    ],
    "label": "Data confidence: Low confidence",
    "level": "low",
    "text": "Warning: Low confidenceCoverage is limited — this view may not reflect the full picture.92% coverageEvidence & contextConnectedGitHubJiraMissingGitLab•Weekend data is sparse.",
  },
]
`;
